// Jest Snapshot v1, https://goo.gl/fbAQLP

exports[`<Pesquisa/> renders correctly 1`] = `ShallowWrapper {}`;
