// Jest Snapshot v1, https://goo.gl/fbAQLP

exports[`<Cadastro/> renders correctly 1`] = `ShallowWrapper {}`;
