// Jest Snapshot v1, https://goo.gl/fbAQLP

exports[`<Contato/> renders correctly 1`] = `ShallowWrapper {}`;
