// Jest Snapshot v1, https://goo.gl/fbAQLP

exports[`it should match snapshot 1`] = `
<div
  class="sc-bdnxRM wNuqL"
>
  <img
    class="sc-gtsrHT gqaJrf"
  />
</div>
`;
